qemu-system-arm -machine vexpress-a9 -cpu cortex-a9 -m 64M -kernel u-boot-2016.11/u-boot -sd sdcard.img -nographic
WARNING: Image format was not specified for 'sdcard.img' and probing guessed raw.
         Automatically detecting the format is dangerous for raw images, write operations on block 0 will be restricted.
         Specify the 'raw' format explicitly to remove the restrictions.
pulseaudio: set_sink_input_volume() failed
pulseaudio: Reason: Invalid argument
pulseaudio: set_sink_input_mute() failed
pulseaudio: Reason: Invalid argument


U-Boot 2016.11 (Jun 15 2019 - 17:21:26 -0600)

DRAM:  512 MiB
WARNING: Caches not enabled
Flash: 128 MiB
MMC:   MMC: 0
*** Warning - bad CRC, using default environment

In:    serial
Out:   serial
Err:   serial
Net:   smc911x-0
Hit any key to stop autoboot:  0 
=> setenv bootargs 'root=/dev/mmcblk0p2 rw console=${console} mem=512M vmalloc=256M earlyprintk'
=> fatload mmc 0:1 0x60000000 zImage
reading zImage
4366920 bytes read in 1797 ms (2.3 MiB/s)
=> fatload mmc 0:1 0x60500000 vexpress-v2p-ca9.dtb
reading vexpress-v2p-ca9.dtb
14087 bytes read in 38 ms (361.3 KiB/s)
=> bootz 0x60000000 - 0x60500000
Kernel image @ 0x60000000 [ 0x000000 - 0x42a248 ]
## Flattened Device Tree blob at 60500000
   Booting using the fdt blob at 0x60500000
   Loading Device Tree to 7fed6000, end 7fedc706 ... OK

Starting kernel ...

QEMU: Terminated

